▲ Next.js 16.3.0 (Turbopack)
- Local:         http://localhost:3000
- Network:       http://localhost:3000
✓ Ready in 6.0s
✓ Running next.config.ts took 571ms

 GET / 200 in 690ms (next.js: 522ms, application-code: 168ms)
 GET / 200 in 46ms (next.js: 5ms, application-code: 41ms)
 GET / 200 in 47ms (next.js: 3ms, application-code: 43ms)
 GET / 200 in 30ms (next.js: 11ms, application-code: 20ms)
✓ Compiled in 48ms
 GET / 200 in 29ms (next.js: 10ms, application-code: 19ms)
✓ Compiled in 53ms
 GET / 200 in 50ms (next.js: 3ms, application-code: 47ms)
 GET / 200 in 58ms (next.js: 5ms, application-code: 53ms)
 GET / 200 in 58ms (next.js: 4ms, application-code: 53ms)
 GET / 200 in 55ms (next.js: 4ms, application-code: 51ms)
 GET / 200 in 55ms (next.js: 4ms, application-code: 51ms)
 GET / 200 in 49ms (next.js: 10ms, application-code: 39ms)
 GET / 200 in 57ms (next.js: 12ms, application-code: 45ms)
✓ Compiled in 68ms
✓ Compiled in 62ms
 GET / 200 in 41ms (next.js: 16ms, application-code: 25ms)
 GET / 200 in 46ms (next.js: 3ms, application-code: 43ms)
 GET / 200 in 47ms (next.js: 4ms, application-code: 43ms)
 GET / 200 in 61ms (next.js: 7ms, application-code: 54ms)
